==========================================
COMPLETE CRYPTO INTERFACE TESTING
==========================================

[1;33mℹ Cleaning up previous data...[0m
[1;33mℹ Initializing genesis...[0m
